// Vitest Snapshot v1, https://vitest.dev/guide/snapshot.html

exports[`NewPage > should render correctly 1`] = `
<div>
  <form
    class="form"
  >
    <div
      class="form__field"
    >
      <label
        class="form__label"
        for="title"
      >
        Title
      </label>
      <input
        class="form__input"
        id="title"
        name="title"
        type="text"
      />
    </div>
    <div
      class="form__field"
    >
      <label
        class="form__label"
        for="date"
      >
        Date
      </label>
      <div
        class="react-datepicker-wrapper"
      >
        <div
          class="react-datepicker__input-container react-datepicker__view-calendar-icon"
        >
          <svg
            class=" react-datepicker__calendar-icon undefined false"
            fill="none"
            height="1em"
            stroke="currentColor"
            stroke-linecap="round"
            stroke-linejoin="round"
            stroke-width="2"
            viewBox="0 0 24 24"
            width="1em"
            xmlns="http://www.w3.org/2000/svg"
          >
            <rect
              height="18"
              rx="2"
              ry="2"
              width="18"
              x="3"
              y="4"
            />
            <line
              x1="16"
              x2="16"
              y1="2"
              y2="6"
            />
            <line
              x1="8"
              x2="8"
              y1="2"
              y2="6"
            />
            <line
              x1="3"
              x2="21"
              y1="10"
              y2="10"
            />
          </svg>
          <input
            class="form__input"
            type="text"
            value=""
          />
        </div>
      </div>
    </div>
    <button
      class="button button--primary button--pill"
      type="submit"
    >
      Create
    </button>
  </form>
</div>
`;
