// Vitest Snapshot v1, https://vitest.dev/guide/snapshot.html

exports[`Label > should render correctly 1`] = `
<div>
  <div
    class="form__field"
  >
    Field
  </div>
</div>
`;
