// Vitest Snapshot v1, https://vitest.dev/guide/snapshot.html

exports[`Form > should render correctly 1`] = `
<div>
  <form
    class="form"
  >
    Form
  </form>
</div>
`;
